# TRUE32 product scenario on the CMake-built SDL3 32-bit executable - pak128 q25.sve, live, 4 lanes (CMAKE-MSVC-01)
[frame 0 t=1018144843ms] script loaded: 75 commands; COLOUR_DEPTH=32 sizeof(PIXVAL)=4 threads=4 fps=25
[frame 1 t=1018144843ms] wait 100
[frame 102 t=1018145031ms] closeall: windows closed
[frame 102 t=1018145031ms] wait 5
[frame 108 t=1018145046ms] MEM start working-set 969.4 MB  peak 972.2 MB  commit 951.0 MB
[frame 108 t=1018145187ms] screenshot 00_start.png (1024x640) -> ok
[frame 108 t=1018145218ms] wsnap 00_start.bmp: window 1040x679 client 1024x640 at (8,31) -> ok
[frame 108 t=1018145218ms] center 20 20
[frame 108 t=1018145218ms] wait 30
[frame 139 t=1018145328ms] screenshot 01_center_20_20.png (1024x640) -> ok
[frame 139 t=1018145328ms] center 60 40
[frame 139 t=1018145328ms] wait 30
[frame 170 t=1018145484ms] screenshot 02_center_60_40.png (1024x640) -> ok
[frame 170 t=1018145484ms] zoomout -> changed, tile_raster_width now 96
[frame 170 t=1018145484ms] wait 20
[frame 191 t=1018145640ms] screenshot 03_zoomout1.png (1024x640) -> ok
[frame 191 t=1018145640ms] zoomout -> changed, tile_raster_width now 80
[frame 191 t=1018145640ms] wait 20
[frame 212 t=1018145781ms] screenshot 04_zoomout2.png (1024x640) -> ok
[frame 212 t=1018145781ms] zoomin -> changed, tile_raster_width now 96
[frame 212 t=1018145781ms] wait 20
[frame 233 t=1018145843ms] zoomin -> changed, tile_raster_width now 128
[frame 233 t=1018145843ms] wait 20
[frame 254 t=1018145968ms] screenshot 05_zoom_back.png (1024x640) -> ok
[frame 254 t=1018145968ms] daynight_level 3
[frame 254 t=1018145968ms] wait 20
[frame 275 t=1018146078ms] screenshot 06_night3.png (1024x640) -> ok
[frame 275 t=1018146078ms] daynight_level 6
[frame 275 t=1018146078ms] wait 20
[frame 296 t=1018146203ms] screenshot 07_night6.png (1024x640) -> ok
[frame 296 t=1018146203ms] daynight_level 0
[frame 296 t=1018146203ms] wait 20
[frame 317 t=1018146328ms] screenshot 08_day.png (1024x640) -> ok
[frame 317 t=1018146328ms] hide buildings 1 with transparency, trees 1
[frame 317 t=1018146328ms] wait 20
[frame 338 t=1018146437ms] screenshot 09_hide_transparent1.png (1024x640) -> ok
[frame 338 t=1018146437ms] hide buildings 2 with transparency, trees 1
[frame 338 t=1018146437ms] wait 20
[frame 359 t=1018146562ms] screenshot 10_hide_transparent2.png (1024x640) -> ok
[frame 359 t=1018146562ms] hide buildings 0 with transparency, trees 0
[frame 359 t=1018146562ms] wait 20
[frame 380 t=1018146609ms] tool road 'Road_050' (60,44)->(60,52): first click ok, second click ok
[frame 380 t=1018146609ms] wait 20
[frame 401 t=1018146656ms] center 60 48
[frame 401 t=1018146656ms] wait 20
[frame 422 t=1018146781ms] screenshot 11_road_built.png (1024x640) -> ok
[frame 422 t=1018146781ms] rotate90 -> orientation 1
[frame 422 t=1018146781ms] wait 20
[frame 443 t=1018146875ms] screenshot 12_rot1.png (1024x640) -> ok
[frame 443 t=1018146875ms] rotate90 -> orientation 2
[frame 443 t=1018146875ms] wait 20
[frame 464 t=1018146921ms] rotate90 -> orientation 3
[frame 464 t=1018146921ms] wait 20
[frame 485 t=1018146984ms] rotate90 -> orientation 0
[frame 485 t=1018146984ms] wait 20
[frame 506 t=1018147093ms] screenshot 13_rot_back.png (1024x640) -> ok
[frame 506 t=1018147093ms] resize request 800x500 -> screen 800x500
[frame 506 t=1018147093ms] wait 30
[frame 537 t=1018147171ms] clip lane0 x 0..800 y 0..500  screen 800x500  MATCH
[frame 537 t=1018147218ms] screenshot 14_resized_800x500.png (800x500) -> ok
[frame 537 t=1018147218ms] resize request 1400x900 -> screen 1400x900
[frame 537 t=1018147218ms] wait 30
[frame 568 t=1018147296ms] clip lane0 x 0..1400 y 0..900  screen 1400x900  MATCH
[frame 568 t=1018147421ms] screenshot 15_resized_1400x900.png (1400x900) -> ok
[frame 568 t=1018147421ms] resize request 1024x640 -> screen 1024x640
[frame 568 t=1018147421ms] wait 30
[frame 599 t=1018147484ms] clip lane0 x 0..1024 y 0..640  screen 1024x640  MATCH
[frame 599 t=1018147562ms] screenshot 16_resized_1024x640.png (1024x640) -> ok
[frame 599 t=1018147578ms] wsnap 16_resized_1024x640.bmp: window 1040x679 client 1024x640 at (8,31) -> ok
[frame 599 t=1018147656ms] save cert_saved.sve
[frame 599 t=1018147656ms] wait 20
[frame 620 t=1018147875ms] load cert_saved.sve -> ok (192x512, 22 cities)
[frame 620 t=1018147875ms] wait 60
[frame 681 t=1018148093ms] screenshot 17_after_reload.png (1024x640) -> ok
[frame 681 t=1018148093ms] MEM end working-set 983.7 MB  peak 991.0 MB  commit 973.8 MB
[frame 681 t=1018148093ms] quit (harness-initiated: env_t::quit_simutrans = true, presents so far 435)
