# TRUE32 product scenario on the CMake-built (MinGW, MSYS Makefiles generator) GDI 32-bit executable - pak128 q25.sve, live, 4 lanes (CMAKE-MSVC-01)
[frame 0 t=1018123859ms] script loaded: 75 commands; COLOUR_DEPTH=32 sizeof(PIXVAL)=4 threads=4 fps=25
[frame 1 t=1018123859ms] wait 100
[frame 102 t=1018124062ms] closeall: windows closed
[frame 102 t=1018124062ms] wait 5
[frame 108 t=1018124062ms] MEM start working-set 926.3 MB  peak 929.3 MB  commit 906.2 MB
[frame 108 t=1018124156ms] screenshot 00_start.png (1024x640) -> ok
[frame 108 t=1018124171ms] wsnap 00_start.bmp: window 1040x679 client 1024x640 at (8,31) -> ok
[frame 108 t=1018124171ms] center 20 20
[frame 108 t=1018124171ms] wait 30
[frame 139 t=1018124375ms] screenshot 01_center_20_20.png (1024x640) -> ok
[frame 139 t=1018124375ms] center 60 40
[frame 139 t=1018124375ms] wait 30
[frame 170 t=1018124578ms] screenshot 02_center_60_40.png (1024x640) -> ok
[frame 170 t=1018124578ms] zoomout -> changed, tile_raster_width now 96
[frame 170 t=1018124578ms] wait 20
[frame 191 t=1018124765ms] screenshot 03_zoomout1.png (1024x640) -> ok
[frame 191 t=1018124765ms] zoomout -> changed, tile_raster_width now 80
[frame 191 t=1018124765ms] wait 20
[frame 212 t=1018124937ms] screenshot 04_zoomout2.png (1024x640) -> ok
[frame 212 t=1018124937ms] zoomin -> changed, tile_raster_width now 96
[frame 212 t=1018124937ms] wait 20
[frame 233 t=1018125015ms] zoomin -> changed, tile_raster_width now 128
[frame 233 t=1018125015ms] wait 20
[frame 254 t=1018125171ms] screenshot 05_zoom_back.png (1024x640) -> ok
[frame 254 t=1018125171ms] daynight_level 3
[frame 254 t=1018125171ms] wait 20
[frame 275 t=1018125312ms] screenshot 06_night3.png (1024x640) -> ok
[frame 275 t=1018125312ms] daynight_level 6
[frame 275 t=1018125312ms] wait 20
[frame 296 t=1018125453ms] screenshot 07_night6.png (1024x640) -> ok
[frame 296 t=1018125453ms] daynight_level 0
[frame 296 t=1018125453ms] wait 20
[frame 317 t=1018125593ms] screenshot 08_day.png (1024x640) -> ok
[frame 317 t=1018125593ms] hide buildings 1 with transparency, trees 1
[frame 317 t=1018125593ms] wait 20
[frame 338 t=1018125734ms] screenshot 09_hide_transparent1.png (1024x640) -> ok
[frame 338 t=1018125734ms] hide buildings 2 with transparency, trees 1
[frame 338 t=1018125734ms] wait 20
[frame 359 t=1018125859ms] screenshot 10_hide_transparent2.png (1024x640) -> ok
[frame 359 t=1018125859ms] hide buildings 0 with transparency, trees 0
[frame 359 t=1018125859ms] wait 20
[frame 380 t=1018125921ms] tool road 'Road_050' (60,44)->(60,52): first click ok, second click ok
[frame 380 t=1018125921ms] wait 20
[frame 401 t=1018125984ms] center 60 48
[frame 401 t=1018125984ms] wait 20
[frame 422 t=1018126125ms] screenshot 11_road_built.png (1024x640) -> ok
[frame 422 t=1018126125ms] rotate90 -> orientation 1
[frame 422 t=1018126125ms] wait 20
[frame 443 t=1018126234ms] screenshot 12_rot1.png (1024x640) -> ok
[frame 443 t=1018126234ms] rotate90 -> orientation 2
[frame 443 t=1018126234ms] wait 20
[frame 464 t=1018126312ms] rotate90 -> orientation 3
[frame 464 t=1018126312ms] wait 20
[frame 485 t=1018126328ms] rotate90 -> orientation 0
[frame 485 t=1018126328ms] wait 20
[frame 506 t=1018126468ms] screenshot 13_rot_back.png (1024x640) -> ok
[frame 506 t=1018126468ms] resize request 800x500 -> screen 800x500
[frame 506 t=1018126468ms] wait 30
[frame 537 t=1018126562ms] clip lane0 x 0..800 y 0..500  screen 800x500  MATCH
[frame 537 t=1018126609ms] screenshot 14_resized_800x500.png (800x500) -> ok
[frame 537 t=1018126609ms] resize request 1400x900 -> screen 1400x900
[frame 537 t=1018126609ms] wait 30
[frame 568 t=1018126703ms] clip lane0 x 0..1400 y 0..900  screen 1400x900  MATCH
[frame 568 t=1018126843ms] screenshot 15_resized_1400x900.png (1400x900) -> ok
[frame 568 t=1018126843ms] resize request 1024x640 -> screen 1024x640
[frame 568 t=1018126843ms] wait 30
[frame 599 t=1018126937ms] clip lane0 x 0..1024 y 0..640  screen 1024x640  MATCH
[frame 599 t=1018127015ms] screenshot 16_resized_1024x640.png (1024x640) -> ok
[frame 599 t=1018127046ms] wsnap 16_resized_1024x640.bmp: window 1040x679 client 1024x640 at (8,31) -> ok
[frame 599 t=1018127125ms] save cert_saved.sve
[frame 599 t=1018127125ms] wait 20
[frame 620 t=1018127312ms] load cert_saved.sve -> ok (192x512, 22 cities)
[frame 620 t=1018127312ms] wait 60
[frame 681 t=1018127562ms] screenshot 17_after_reload.png (1024x640) -> ok
[frame 681 t=1018127562ms] MEM end working-set 935.7 MB  peak 943.1 MB  commit 915.1 MB
[frame 681 t=1018127562ms] quit (harness-initiated: env_t::quit_simutrans = true, presents so far 443)
[frame 681 t=1018127578ms] QUIT-PROVENANCE simsys_w WM_DESTROY a=2 b=1  (presents 445)
