# resize sequences - gdi 32-bit, 1 lane, live: clip sequence + maximise geometry (RECERTIFICATION-02)
[frame 0 t=1009818828ms] script loaded: 36 commands; COLOUR_DEPTH=32 sizeof(PIXVAL)=4 threads=1 fps=25
[frame 1 t=1009818828ms] wait 100
[frame 102 t=1009819015ms] closeall: windows closed
[frame 102 t=1009819015ms] wait 5
[frame 108 t=1009819015ms] clip lane0 x 0..1024 y 0..640  screen 1024x640  MATCH
[frame 108 t=1009819109ms] screenshot r0_1024x640.png (1024x640) -> ok
[frame 108 t=1009819109ms] resize request 900x600 -> screen 900x600
[frame 108 t=1009819109ms] wait 30
[frame 139 t=1009819187ms] clip lane0 x 0..900 y 0..600  screen 900x600  MATCH
[frame 139 t=1009819312ms] screenshot r1_shrink_900x600.png (900x600) -> ok
[frame 139 t=1009819312ms] resize request 1400x900 -> screen 1400x900
[frame 139 t=1009819312ms] wait 30
[frame 170 t=1009819390ms] clip lane0 x 0..1400 y 0..900  screen 1400x900  MATCH
[frame 170 t=1009819640ms] screenshot r2_enlarge_1400x900.png (1400x900) -> ok
[frame 170 t=1009819640ms] resize request 640x400 -> screen 640x400
[frame 170 t=1009819640ms] wait 30
[frame 201 t=1009819718ms] clip lane0 x 0..640 y 0..400  screen 640x400  MATCH
[frame 201 t=1009819781ms] screenshot r3_shrink_640x400.png (640x400) -> ok
[frame 201 t=1009819781ms] resize request 1280x800 -> screen 1280x800
[frame 201 t=1009819781ms] wait 30
[frame 232 t=1009819843ms] clip lane0 x 0..1280 y 0..800  screen 1280x800  MATCH
[frame 232 t=1009820046ms] screenshot r4_enlarge_1280x800.png (1280x800) -> ok
[frame 232 t=1009820046ms] resize request 800x500 -> screen 800x500
[frame 232 t=1009820046ms] wait 30
[frame 263 t=1009820125ms] clip lane0 x 0..800 y 0..500  screen 800x500  MATCH
[frame 263 t=1009820125ms] resize request 1200x750 -> screen 1200x750
[frame 263 t=1009820125ms] wait 30
[frame 294 t=1009820218ms] clip lane0 x 0..1200 y 0..750  screen 1200x750  MATCH
[frame 294 t=1009820218ms] resize request 700x450 -> screen 700x450
[frame 294 t=1009820218ms] wait 30
[frame 325 t=1009820250ms] clip lane0 x 0..700 y 0..450  screen 700x450  MATCH
[frame 325 t=1009820328ms] screenshot r5_after_cycles.png (700x450) -> ok
[frame 325 t=1009820328ms] resize request 1024x640 -> screen 1024x640
[frame 325 t=1009820328ms] wait 30
[frame 356 t=1009820406ms] clip lane0 x 0..1024 y 0..640  screen 1024x640  MATCH
[frame 356 t=1009820546ms] screenshot r6_back.png (1024x640) -> ok
[frame 356 t=1009820546ms] quit (harness-initiated: env_t::quit_simutrans = true, presents so far 255)
[frame 356 t=1009820546ms] QUIT-PROVENANCE simsys_w WM_DESTROY a=2 b=1  (presents 257)
[frame 0 t=1009836125ms] script loaded: 23 commands; COLOUR_DEPTH=32 sizeof(PIXVAL)=4 threads=1 fps=25
[frame 1 t=1009836125ms] wait 100
[frame 102 t=1009836390ms] closeall: windows closed
[frame 102 t=1009836390ms] wait 5
[frame 108 t=1009836406ms] clip lane0 x 0..1024 y 0..640  screen 1024x640  MATCH
[frame 108 t=1009836406ms] resize request 3424x1360 -> screen 3424x1360
[frame 108 t=1009836406ms] wait 30
[frame 139 t=1009836515ms] clip lane0 x 0..3424 y 0..1360  screen 3424x1360  MATCH
[frame 139 t=1009837484ms] screenshot m1_max_3424x1360.png (3424x1360) -> ok
[frame 139 t=1009837500ms] resize request 1024x640 -> screen 1024x640
[frame 139 t=1009837500ms] wait 30
[frame 170 t=1009837578ms] clip lane0 x 0..1024 y 0..640  screen 1024x640  MATCH
[frame 170 t=1009837734ms] screenshot m2_restore_1024x640.png (1024x640) -> ok
[frame 170 t=1009837734ms] resize request 640x400 -> screen 640x400
[frame 170 t=1009837734ms] wait 30
[frame 201 t=1009837812ms] clip lane0 x 0..640 y 0..400  screen 640x400  MATCH
[frame 201 t=1009837812ms] resize request 3424x1360 -> screen 3424x1360
[frame 201 t=1009837812ms] wait 30
[frame 232 t=1009837906ms] clip lane0 x 0..3424 y 0..1360  screen 3424x1360  MATCH
[frame 232 t=1009838750ms] screenshot m3_max_again.png (3424x1360) -> ok
[frame 232 t=1009838750ms] resize request 1024x640 -> screen 1024x640
[frame 232 t=1009838750ms] wait 30
[frame 263 t=1009838828ms] clip lane0 x 0..1024 y 0..640  screen 1024x640  MATCH
[frame 263 t=1009838828ms] quit (harness-initiated: env_t::quit_simutrans = true, presents so far 253)
[frame 263 t=1009838843ms] QUIT-PROVENANCE simsys_w WM_DESTROY a=2 b=1  (presents 255)
