# resize sequences - sdl2 32-bit, 1 lane, live: clip sequence + maximise geometry (RECERTIFICATION-02)
[frame 0 t=1009855171ms] script loaded: 36 commands; COLOUR_DEPTH=32 sizeof(PIXVAL)=4 threads=1 fps=25
[frame 1 t=1009855171ms] wait 100
[frame 102 t=1009855375ms] closeall: windows closed
[frame 102 t=1009855375ms] wait 5
[frame 108 t=1009855390ms] clip lane0 x 0..1024 y 0..640  screen 1024x640  MATCH
[frame 108 t=1009855468ms] screenshot r0_1024x640.png (1024x640) -> ok
[frame 108 t=1009855546ms] resize request 900x600 -> screen 900x600
[frame 108 t=1009855546ms] wait 30
[frame 139 t=1009855562ms] clip lane0 x 0..900 y 0..600  screen 900x600  MATCH
[frame 139 t=1009855687ms] screenshot r1_shrink_900x600.png (900x600) -> ok
[frame 139 t=1009855765ms] resize request 1400x900 -> screen 1400x900
[frame 139 t=1009855765ms] wait 30
[frame 170 t=1009855859ms] clip lane0 x 0..1400 y 0..900  screen 1400x900  MATCH
[frame 170 t=1009856109ms] screenshot r2_enlarge_1400x900.png (1400x900) -> ok
[frame 170 t=1009856187ms] resize request 640x400 -> screen 640x400
[frame 170 t=1009856187ms] wait 30
[frame 201 t=1009856265ms] clip lane0 x 0..640 y 0..400  screen 640x400  MATCH
[frame 201 t=1009856328ms] screenshot r3_shrink_640x400.png (640x400) -> ok
[frame 201 t=1009856390ms] resize request 1280x800 -> screen 1280x800
[frame 201 t=1009856390ms] wait 30
[frame 232 t=1009856484ms] clip lane0 x 0..1280 y 0..800  screen 1280x800  MATCH
[frame 232 t=1009856687ms] screenshot r4_enlarge_1280x800.png (1280x800) -> ok
[frame 232 t=1009856765ms] resize request 800x500 -> screen 800x500
[frame 232 t=1009856765ms] wait 30
[frame 263 t=1009856843ms] clip lane0 x 0..800 y 0..500  screen 800x500  MATCH
[frame 263 t=1009856921ms] resize request 1200x750 -> screen 1200x750
[frame 263 t=1009856921ms] wait 30
[frame 294 t=1009857015ms] clip lane0 x 0..1200 y 0..750  screen 1200x750  MATCH
[frame 294 t=1009857093ms] resize request 700x450 -> screen 700x450
[frame 294 t=1009857093ms] wait 30
[frame 325 t=1009857171ms] clip lane0 x 0..700 y 0..450  screen 700x450  MATCH
[frame 325 t=1009857234ms] screenshot r5_after_cycles.png (700x450) -> ok
[frame 325 t=1009857312ms] resize request 1024x640 -> screen 1024x640
[frame 325 t=1009857312ms] wait 30
[frame 356 t=1009857390ms] clip lane0 x 0..1024 y 0..640  screen 1024x640  MATCH
[frame 356 t=1009857546ms] screenshot r6_back.png (1024x640) -> ok
[frame 356 t=1009857546ms] quit (harness-initiated: env_t::quit_simutrans = true, presents so far 255)
[frame 0 t=1009873421ms] script loaded: 23 commands; COLOUR_DEPTH=32 sizeof(PIXVAL)=4 threads=1 fps=25
[frame 1 t=1009873421ms] wait 100
[frame 102 t=1009873609ms] closeall: windows closed
[frame 102 t=1009873609ms] wait 5
[frame 108 t=1009873625ms] clip lane0 x 0..1024 y 0..640  screen 1024x640  MATCH
[frame 108 t=1009873718ms] resize request 3424x1360 -> screen 3424x1360
[frame 108 t=1009873718ms] wait 30
[frame 139 t=1009873812ms] clip lane0 x 0..3424 y 0..1360  screen 3424x1360  MATCH
[frame 139 t=1009874656ms] screenshot m1_max_3424x1360.png (3424x1360) -> ok
[frame 139 t=1009874734ms] resize request 1024x640 -> screen 1024x640
[frame 139 t=1009874734ms] wait 30
[frame 170 t=1009874812ms] clip lane0 x 0..1024 y 0..640  screen 1024x640  MATCH
[frame 170 t=1009874968ms] screenshot m2_restore_1024x640.png (1024x640) -> ok
[frame 170 t=1009875031ms] resize request 640x400 -> screen 640x400
[frame 170 t=1009875031ms] wait 30
[frame 201 t=1009875109ms] clip lane0 x 0..640 y 0..400  screen 640x400  MATCH
[frame 201 t=1009875187ms] resize request 3424x1360 -> screen 3424x1360
[frame 201 t=1009875187ms] wait 30
[frame 232 t=1009875312ms] clip lane0 x 0..3424 y 0..1360  screen 3424x1360  MATCH
[frame 232 t=1009876140ms] screenshot m3_max_again.png (3424x1360) -> ok
[frame 232 t=1009876218ms] resize request 1024x640 -> screen 1024x640
[frame 232 t=1009876218ms] wait 30
[frame 263 t=1009876296ms] clip lane0 x 0..1024 y 0..640  screen 1024x640  MATCH
[frame 263 t=1009876296ms] quit (harness-initiated: env_t::quit_simutrans = true, presents so far 253)
