# TRUE32 product scenario - gdi 32-bit, pak128 q25.sve, live, 4 lanes, -freeplay (RECERTIFICATION-02)
[frame 0 t=1009564812ms] script loaded: 75 commands; COLOUR_DEPTH=32 sizeof(PIXVAL)=4 threads=4 fps=25
[frame 1 t=1009564828ms] wait 100
[frame 102 t=1009565109ms] closeall: windows closed
[frame 102 t=1009565109ms] wait 5
[frame 108 t=1009565125ms] MEM start working-set 919.7 MB  peak 922.3 MB  commit 906.6 MB
[frame 108 t=1009565265ms] screenshot 00_start.png (1024x640) -> ok
[frame 108 t=1009565296ms] wsnap 00_start.bmp: window 1040x679 client 1024x640 at (8,31) -> ok
[frame 108 t=1009565296ms] center 20 20
[frame 108 t=1009565296ms] wait 30
[frame 139 t=1009565437ms] screenshot 01_center_20_20.png (1024x640) -> ok
[frame 139 t=1009565437ms] center 60 40
[frame 139 t=1009565437ms] wait 30
[frame 170 t=1009565593ms] screenshot 02_center_60_40.png (1024x640) -> ok
[frame 170 t=1009565593ms] zoomout -> changed, tile_raster_width now 96
[frame 170 t=1009565593ms] wait 20
[frame 191 t=1009565781ms] screenshot 03_zoomout1.png (1024x640) -> ok
[frame 191 t=1009565781ms] zoomout -> changed, tile_raster_width now 80
[frame 191 t=1009565781ms] wait 20
[frame 212 t=1009565953ms] screenshot 04_zoomout2.png (1024x640) -> ok
[frame 212 t=1009565953ms] zoomin -> changed, tile_raster_width now 96
[frame 212 t=1009565953ms] wait 20
[frame 233 t=1009566015ms] zoomin -> changed, tile_raster_width now 128
[frame 233 t=1009566015ms] wait 20
[frame 254 t=1009566156ms] screenshot 05_zoom_back.png (1024x640) -> ok
[frame 254 t=1009566156ms] daynight_level 3
[frame 254 t=1009566156ms] wait 20
[frame 275 t=1009566281ms] screenshot 06_night3.png (1024x640) -> ok
[frame 275 t=1009566281ms] daynight_level 6
[frame 275 t=1009566281ms] wait 20
[frame 296 t=1009566421ms] screenshot 07_night6.png (1024x640) -> ok
[frame 296 t=1009566421ms] daynight_level 0
[frame 296 t=1009566421ms] wait 20
[frame 317 t=1009566562ms] screenshot 08_day.png (1024x640) -> ok
[frame 317 t=1009566562ms] hide buildings 1 with transparency, trees 1
[frame 317 t=1009566562ms] wait 20
[frame 338 t=1009566687ms] screenshot 09_hide_transparent1.png (1024x640) -> ok
[frame 338 t=1009566687ms] hide buildings 2 with transparency, trees 1
[frame 338 t=1009566687ms] wait 20
[frame 359 t=1009566828ms] screenshot 10_hide_transparent2.png (1024x640) -> ok
[frame 359 t=1009566828ms] hide buildings 0 with transparency, trees 0
[frame 359 t=1009566828ms] wait 20
[frame 380 t=1009566875ms] tool road 'Road_050' (60,44)->(60,52): first click ok, second click ok
[frame 380 t=1009566875ms] wait 20
[frame 401 t=1009566937ms] center 60 48
[frame 401 t=1009566937ms] wait 20
[frame 422 t=1009567078ms] screenshot 11_road_built.png (1024x640) -> ok
[frame 422 t=1009567078ms] rotate90 -> orientation 1
[frame 422 t=1009567078ms] wait 20
[frame 443 t=1009567187ms] screenshot 12_rot1.png (1024x640) -> ok
[frame 443 t=1009567187ms] rotate90 -> orientation 2
[frame 443 t=1009567187ms] wait 20
[frame 464 t=1009567250ms] rotate90 -> orientation 3
[frame 464 t=1009567250ms] wait 20
[frame 485 t=1009567281ms] rotate90 -> orientation 0
[frame 485 t=1009567281ms] wait 20
[frame 506 t=1009567406ms] screenshot 13_rot_back.png (1024x640) -> ok
[frame 506 t=1009567406ms] resize request 800x500 -> screen 800x500
[frame 506 t=1009567406ms] wait 30
[frame 537 t=1009567484ms] clip lane0 x 0..800 y 0..500  screen 800x500  MATCH
[frame 537 t=1009567531ms] screenshot 14_resized_800x500.png (800x500) -> ok
[frame 537 t=1009567531ms] resize request 1400x900 -> screen 1400x900
[frame 537 t=1009567531ms] wait 30
[frame 568 t=1009567609ms] clip lane0 x 0..1400 y 0..900  screen 1400x900  MATCH
[frame 568 t=1009567750ms] screenshot 15_resized_1400x900.png (1400x900) -> ok
[frame 568 t=1009567750ms] resize request 1024x640 -> screen 1024x640
[frame 568 t=1009567750ms] wait 30
[frame 599 t=1009567843ms] clip lane0 x 0..1024 y 0..640  screen 1024x640  MATCH
[frame 599 t=1009567906ms] screenshot 16_resized_1024x640.png (1024x640) -> ok
[frame 599 t=1009567937ms] wsnap 16_resized_1024x640.bmp: window 1040x679 client 1024x640 at (8,31) -> ok
[frame 599 t=1009568031ms] save cert_saved.sve
[frame 599 t=1009568031ms] wait 20
[frame 620 t=1009568218ms] load cert_saved.sve -> ok (192x512, 22 cities)
[frame 620 t=1009568218ms] wait 60
[frame 681 t=1009568468ms] screenshot 17_after_reload.png (1024x640) -> ok
[frame 681 t=1009568468ms] MEM end working-set 929.0 MB  peak 936.3 MB  commit 915.2 MB
[frame 681 t=1009568468ms] quit (harness-initiated: env_t::quit_simutrans = true, presents so far 444)
[frame 681 t=1009568468ms] QUIT-PROVENANCE simsys_w WM_DESTROY a=2 b=1  (presents 446)
