# TRUE32 product scenario - sdl3 32-bit, pak128 q25.sve, live, 4 lanes, -freeplay (RECERTIFICATION-02)
[frame 0 t=1009610187ms] script loaded: 75 commands; COLOUR_DEPTH=32 sizeof(PIXVAL)=4 threads=4 fps=25
[frame 1 t=1009610203ms] wait 100
[frame 102 t=1009610390ms] closeall: windows closed
[frame 102 t=1009610390ms] wait 5
[frame 108 t=1009610390ms] MEM start working-set 962.4 MB  peak 965.3 MB  commit 947.7 MB
[frame 108 t=1009610484ms] screenshot 00_start.png (1024x640) -> ok
[frame 108 t=1009610500ms] wsnap 00_start.bmp: window 1040x679 client 1024x640 at (8,31) -> ok
[frame 108 t=1009610500ms] center 20 20
[frame 108 t=1009610515ms] wait 30
[frame 139 t=1009610671ms] screenshot 01_center_20_20.png (1024x640) -> ok
[frame 139 t=1009610671ms] center 60 40
[frame 139 t=1009610671ms] wait 30
[frame 170 t=1009610812ms] screenshot 02_center_60_40.png (1024x640) -> ok
[frame 170 t=1009610812ms] zoomout -> changed, tile_raster_width now 96
[frame 170 t=1009610812ms] wait 20
[frame 191 t=1009610984ms] screenshot 03_zoomout1.png (1024x640) -> ok
[frame 191 t=1009610984ms] zoomout -> changed, tile_raster_width now 80
[frame 191 t=1009610984ms] wait 20
[frame 212 t=1009611093ms] screenshot 04_zoomout2.png (1024x640) -> ok
[frame 212 t=1009611093ms] zoomin -> changed, tile_raster_width now 96
[frame 212 t=1009611093ms] wait 20
[frame 233 t=1009611156ms] zoomin -> changed, tile_raster_width now 128
[frame 233 t=1009611156ms] wait 20
[frame 254 t=1009611296ms] screenshot 05_zoom_back.png (1024x640) -> ok
[frame 254 t=1009611296ms] daynight_level 3
[frame 254 t=1009611296ms] wait 20
[frame 275 t=1009611421ms] screenshot 06_night3.png (1024x640) -> ok
[frame 275 t=1009611421ms] daynight_level 6
[frame 275 t=1009611421ms] wait 20
[frame 296 t=1009611546ms] screenshot 07_night6.png (1024x640) -> ok
[frame 296 t=1009611546ms] daynight_level 0
[frame 296 t=1009611546ms] wait 20
[frame 317 t=1009611671ms] screenshot 08_day.png (1024x640) -> ok
[frame 317 t=1009611671ms] hide buildings 1 with transparency, trees 1
[frame 317 t=1009611671ms] wait 20
[frame 338 t=1009611796ms] screenshot 09_hide_transparent1.png (1024x640) -> ok
[frame 338 t=1009611796ms] hide buildings 2 with transparency, trees 1
[frame 338 t=1009611796ms] wait 20
[frame 359 t=1009611921ms] screenshot 10_hide_transparent2.png (1024x640) -> ok
[frame 359 t=1009611921ms] hide buildings 0 with transparency, trees 0
[frame 359 t=1009611921ms] wait 20
[frame 380 t=1009611968ms] tool road 'Road_050' (60,44)->(60,52): first click ok, second click ok
[frame 380 t=1009611968ms] wait 20
[frame 401 t=1009612031ms] center 60 48
[frame 401 t=1009612031ms] wait 20
[frame 422 t=1009612140ms] screenshot 11_road_built.png (1024x640) -> ok
[frame 422 t=1009612156ms] rotate90 -> orientation 1
[frame 422 t=1009612156ms] wait 20
[frame 443 t=1009612250ms] screenshot 12_rot1.png (1024x640) -> ok
[frame 443 t=1009612250ms] rotate90 -> orientation 2
[frame 443 t=1009612250ms] wait 20
[frame 464 t=1009612312ms] rotate90 -> orientation 3
[frame 464 t=1009612312ms] wait 20
[frame 485 t=1009612359ms] rotate90 -> orientation 0
[frame 485 t=1009612359ms] wait 20
[frame 506 t=1009612468ms] screenshot 13_rot_back.png (1024x640) -> ok
[frame 506 t=1009612484ms] resize request 800x500 -> screen 800x500
[frame 506 t=1009612484ms] wait 30
[frame 537 t=1009612546ms] clip lane0 x 0..800 y 0..500  screen 800x500  MATCH
[frame 537 t=1009612593ms] screenshot 14_resized_800x500.png (800x500) -> ok
[frame 537 t=1009612593ms] resize request 1400x900 -> screen 1400x900
[frame 537 t=1009612593ms] wait 30
[frame 568 t=1009612671ms] clip lane0 x 0..1400 y 0..900  screen 1400x900  MATCH
[frame 568 t=1009612812ms] screenshot 15_resized_1400x900.png (1400x900) -> ok
[frame 568 t=1009612812ms] resize request 1024x640 -> screen 1024x640
[frame 568 t=1009612812ms] wait 30
[frame 599 t=1009612890ms] clip lane0 x 0..1024 y 0..640  screen 1024x640  MATCH
[frame 599 t=1009612953ms] screenshot 16_resized_1024x640.png (1024x640) -> ok
[frame 599 t=1009612968ms] wsnap 16_resized_1024x640.bmp: window 1040x679 client 1024x640 at (8,31) -> ok
[frame 599 t=1009613062ms] save cert_saved.sve
[frame 599 t=1009613062ms] wait 20
[frame 620 t=1009613296ms] load cert_saved.sve -> ok (192x512, 22 cities)
[frame 620 t=1009613296ms] wait 60
[frame 681 t=1009613531ms] screenshot 17_after_reload.png (1024x640) -> ok
[frame 681 t=1009613531ms] MEM end working-set 975.3 MB  peak 982.7 MB  commit 969.1 MB
[frame 681 t=1009613531ms] quit (harness-initiated: env_t::quit_simutrans = true, presents so far 434)
