# TRUE32 product scenario - sdl2 32-bit, pak128 q25.sve, live, 4 lanes, -freeplay (RECERTIFICATION-02)
[frame 0 t=1009590625ms] script loaded: 75 commands; COLOUR_DEPTH=32 sizeof(PIXVAL)=4 threads=4 fps=25
[frame 1 t=1009590625ms] wait 100
[frame 102 t=1009590828ms] closeall: windows closed
[frame 102 t=1009590828ms] wait 5
[frame 108 t=1009590828ms] MEM start working-set 977.4 MB  peak 980.4 MB  commit 968.6 MB
[frame 108 t=1009590921ms] screenshot 00_start.png (1024x640) -> ok
[frame 108 t=1009590937ms] wsnap 00_start.bmp: window 1040x679 client 1024x640 at (8,31) -> ok
[frame 108 t=1009590937ms] center 20 20
[frame 108 t=1009590937ms] wait 30
[frame 139 t=1009591125ms] screenshot 01_center_20_20.png (1024x640) -> ok
[frame 139 t=1009591125ms] center 60 40
[frame 139 t=1009591125ms] wait 30
[frame 170 t=1009591265ms] screenshot 02_center_60_40.png (1024x640) -> ok
[frame 170 t=1009591265ms] zoomout -> changed, tile_raster_width now 96
[frame 170 t=1009591265ms] wait 20
[frame 191 t=1009591468ms] screenshot 03_zoomout1.png (1024x640) -> ok
[frame 191 t=1009591468ms] zoomout -> changed, tile_raster_width now 80
[frame 191 t=1009591468ms] wait 20
[frame 212 t=1009591640ms] screenshot 04_zoomout2.png (1024x640) -> ok
[frame 212 t=1009591640ms] zoomin -> changed, tile_raster_width now 96
[frame 212 t=1009591640ms] wait 20
[frame 233 t=1009591703ms] zoomin -> changed, tile_raster_width now 128
[frame 233 t=1009591703ms] wait 20
[frame 254 t=1009591843ms] screenshot 05_zoom_back.png (1024x640) -> ok
[frame 254 t=1009591843ms] daynight_level 3
[frame 254 t=1009591843ms] wait 20
[frame 275 t=1009591984ms] screenshot 06_night3.png (1024x640) -> ok
[frame 275 t=1009591984ms] daynight_level 6
[frame 275 t=1009591984ms] wait 20
[frame 296 t=1009592125ms] screenshot 07_night6.png (1024x640) -> ok
[frame 296 t=1009592125ms] daynight_level 0
[frame 296 t=1009592125ms] wait 20
[frame 317 t=1009592265ms] screenshot 08_day.png (1024x640) -> ok
[frame 317 t=1009592265ms] hide buildings 1 with transparency, trees 1
[frame 317 t=1009592265ms] wait 20
[frame 338 t=1009592406ms] screenshot 09_hide_transparent1.png (1024x640) -> ok
[frame 338 t=1009592406ms] hide buildings 2 with transparency, trees 1
[frame 338 t=1009592406ms] wait 20
[frame 359 t=1009592562ms] screenshot 10_hide_transparent2.png (1024x640) -> ok
[frame 359 t=1009592562ms] hide buildings 0 with transparency, trees 0
[frame 359 t=1009592562ms] wait 20
[frame 380 t=1009592609ms] tool road 'Road_050' (60,44)->(60,52): first click ok, second click ok
[frame 380 t=1009592609ms] wait 20
[frame 401 t=1009592656ms] center 60 48
[frame 401 t=1009592656ms] wait 20
[frame 422 t=1009592796ms] screenshot 11_road_built.png (1024x640) -> ok
[frame 422 t=1009592796ms] rotate90 -> orientation 1
[frame 422 t=1009592796ms] wait 20
[frame 443 t=1009592906ms] screenshot 12_rot1.png (1024x640) -> ok
[frame 443 t=1009592906ms] rotate90 -> orientation 2
[frame 443 t=1009592906ms] wait 20
[frame 464 t=1009592968ms] rotate90 -> orientation 3
[frame 464 t=1009592968ms] wait 20
[frame 485 t=1009593000ms] rotate90 -> orientation 0
[frame 485 t=1009593000ms] wait 20
[frame 506 t=1009593140ms] screenshot 13_rot_back.png (1024x640) -> ok
[frame 506 t=1009593234ms] resize request 800x500 -> screen 800x500
[frame 506 t=1009593234ms] wait 30
[frame 537 t=1009593312ms] clip lane0 x 0..800 y 0..500  screen 800x500  MATCH
[frame 537 t=1009593375ms] screenshot 14_resized_800x500.png (800x500) -> ok
[frame 537 t=1009593468ms] resize request 1400x900 -> screen 1400x900
[frame 537 t=1009593468ms] wait 30
[frame 568 t=1009593562ms] clip lane0 x 0..1400 y 0..900  screen 1400x900  MATCH
[frame 568 t=1009593718ms] screenshot 15_resized_1400x900.png (1400x900) -> ok
[frame 568 t=1009593812ms] resize request 1024x640 -> screen 1024x640
[frame 568 t=1009593812ms] wait 30
[frame 599 t=1009593890ms] clip lane0 x 0..1024 y 0..640  screen 1024x640  MATCH
[frame 599 t=1009593968ms] screenshot 16_resized_1024x640.png (1024x640) -> ok
[frame 599 t=1009594000ms] wsnap 16_resized_1024x640.bmp: window 1040x679 client 1024x640 at (8,31) -> ok
[frame 599 t=1009594093ms] save cert_saved.sve
[frame 599 t=1009594093ms] wait 20
[frame 620 t=1009594296ms] load cert_saved.sve -> ok (192x512, 22 cities)
[frame 620 t=1009594296ms] wait 60
[frame 681 t=1009594531ms] screenshot 17_after_reload.png (1024x640) -> ok
[frame 681 t=1009594531ms] MEM end working-set 985.2 MB  peak 991.3 MB  commit 983.2 MB
[frame 681 t=1009594531ms] quit (harness-initiated: env_t::quit_simutrans = true, presents so far 436)
