# legacy 16-bit smoke - GDI 16-bit, pak128 q25.sve (RECERTIFICATION-02)
[frame 0 t=1009709250ms] script loaded: 30 commands; COLOUR_DEPTH=16 sizeof(PIXVAL)=2 threads=4 fps=25
[frame 1 t=1009709250ms] wait 100
[frame 102 t=1009709500ms] closeall: windows closed
[frame 102 t=1009709500ms] wait 5
[frame 108 t=1009709593ms] screenshot 00_start.png (1024x640) -> ok
[frame 108 t=1009709593ms] center 60 40
[frame 108 t=1009709593ms] wait 30
[frame 139 t=1009709734ms] screenshot 01_center.png (1024x640) -> ok
[frame 139 t=1009709734ms] zoomout -> changed, tile_raster_width now 96
[frame 139 t=1009709734ms] wait 20
[frame 160 t=1009709937ms] screenshot 02_zoomout.png (1024x640) -> ok
[frame 160 t=1009709937ms] zoomin -> changed, tile_raster_width now 128
[frame 160 t=1009709937ms] wait 20
[frame 181 t=1009710000ms] daynight_level 4
[frame 181 t=1009710000ms] wait 20
[frame 202 t=1009710234ms] screenshot 03_night.png (1024x640) -> ok
[frame 202 t=1009710234ms] daynight_level 0
[frame 202 t=1009710234ms] resize request 800x500 -> screen 800x500
[frame 202 t=1009710234ms] wait 30
[frame 233 t=1009710312ms] clip lane0 x 0..800 y 0..500  screen 800x500  MATCH
[frame 233 t=1009710375ms] screenshot 04_resized_800x500.png (800x500) -> ok
[frame 233 t=1009710375ms] resize request 1024x640 -> screen 1024x640
[frame 233 t=1009710375ms] wait 30
[frame 264 t=1009710437ms] clip lane0 x 0..1024 y 0..640  screen 1024x640  MATCH
[frame 264 t=1009710531ms] screenshot 05_back.png (1024x640) -> ok
[frame 264 t=1009710640ms] save cert_saved.sve
[frame 264 t=1009710640ms] wait 20
[frame 285 t=1009710750ms] load cert_saved.sve -> ok (192x512, 22 cities)
[frame 285 t=1009710750ms] wait 60
[frame 346 t=1009711000ms] screenshot 06_after_reload.png (1024x640) -> ok
[frame 346 t=1009711000ms] quit (harness-initiated: env_t::quit_simutrans = true, presents so far 413)
[frame 346 t=1009711015ms] QUIT-PROVENANCE simsys_w WM_DESTROY a=2 b=1  (presents 415)
