# Stability run - SDL3 32-bit, pak128 q25.sve, -freeplay, 1 display lane, 52 cycles (RECERTIFICATION-02). Hook log: every command and its result; MEM = working set / peak / commit.
[frame 0 t=1009588234ms] script loaded: 716 commands; COLOUR_DEPTH=32 sizeof(PIXVAL)=4 threads=1 fps=25
[frame 1 t=1009588234ms] mark stability start
[frame 1 t=1009588234ms] waitms 3000
[frame 49006 t=1009591234ms] MEM start working-set 964.3 MB  peak 967.5 MB  commit 949.8 MB
[frame 49006 t=1009591234ms] background RGB(18,52,86) -> system colour FF123456
[frame 49006 t=1009591234ms] waitms 500
[frame 59655 t=1009591812ms] screenshot s00_start.png (1024x640) -> ok
[frame 59655 t=1009591812ms] mark cycle 1
[frame 59655 t=1009591812ms] center 37 49
[frame 59655 t=1009591812ms] waitms 15000
[frame 401727 t=1009606812ms] zoomout -> changed, tile_raster_width now 96
[frame 401727 t=1009606812ms] waitms 8000
[frame 620717 t=1009614812ms] zoomin -> changed, tile_raster_width now 128
[frame 620717 t=1009614812ms] waitms 8000
[frame 745908 t=1009622812ms] daynight_level 3
[frame 745908 t=1009622812ms] waitms 8000
[frame 953308 t=1009630828ms] daynight_level 0
[frame 953308 t=1009630828ms] waitms 4000
[frame 1055277 t=1009634906ms] screenshot s01_cycle.png (1024x640) -> ok
[frame 1055277 t=1009634906ms] mark cycle 2
[frame 1055277 t=1009634906ms] center 54 78
[frame 1055277 t=1009634906ms] waitms 15000
[frame 1362269 t=1009649906ms] zoomout -> changed, tile_raster_width now 96
[frame 1362269 t=1009649906ms] waitms 8000
[frame 1487226 t=1009657906ms] zoomin -> changed, tile_raster_width now 128
[frame 1487226 t=1009657906ms] waitms 8000
[frame 1612597 t=1009665906ms] daynight_level 6
[frame 1612597 t=1009665906ms] waitms 8000
[frame 1770295 t=1009673906ms] daynight_level 0
[frame 1770295 t=1009673906ms] waitms 4000
[frame 1837763 t=1009677968ms] screenshot s02_cycle.png (1024x640) -> ok
[frame 1837763 t=1009677968ms] mark cycle 3
[frame 1837763 t=1009677968ms] center 71 47
[frame 1837763 t=1009677968ms] waitms 15000
[frame 2232206 t=1009692968ms] zoomout -> changed, tile_raster_width now 96
[frame 2232206 t=1009692968ms] waitms 8000
[frame 2429078 t=1009700968ms] zoomin -> changed, tile_raster_width now 128
[frame 2429078 t=1009700968ms] waitms 8000
[frame 2597442 t=1009708968ms] daynight_level 0
[frame 2597442 t=1009708968ms] waitms 8000
[frame 2755728 t=1009716968ms] daynight_level 0
[frame 2755728 t=1009716968ms] waitms 4000
[frame 2810617 t=1009720968ms] resize request 1200x800 -> screen 1200x800
[frame 2810617 t=1009720968ms] waitms 2000
[frame 2844246 t=1009722968ms] clip lane0 x 0..1200 y 0..800  screen 1200x800  MATCH
[frame 2844246 t=1009723125ms] screenshot s03_cycle.png (1200x800) -> ok
[frame 2844246 t=1009723125ms] mark cycle 4
[frame 2844246 t=1009723125ms] center 28 76
[frame 2844246 t=1009723125ms] waitms 15000
[frame 3107339 t=1009738125ms] zoomout -> changed, tile_raster_width now 96
[frame 3107339 t=1009738125ms] waitms 8000
[frame 3262861 t=1009746125ms] zoomin -> changed, tile_raster_width now 128
[frame 3262861 t=1009746125ms] waitms 8000
[frame 3411366 t=1009754125ms] daynight_level 3
[frame 3411366 t=1009754125ms] waitms 8000
[frame 3579169 t=1009762125ms] daynight_level 0
[frame 3579169 t=1009762125ms] waitms 4000
[frame 3678814 t=1009766250ms] screenshot s04_cycle.png (1200x800) -> ok
[frame 3678814 t=1009766250ms] mark cycle 5
[frame 3678814 t=1009766250ms] center 45 45
[frame 3678814 t=1009766250ms] waitms 15000
[frame 4014532 t=1009781250ms] zoomout -> changed, tile_raster_width now 96
[frame 4014532 t=1009781250ms] waitms 8000
[frame 4184804 t=1009789250ms] zoomin -> changed, tile_raster_width now 128
[frame 4184804 t=1009789250ms] waitms 8000
[frame 4362182 t=1009797265ms] daynight_level 6
[frame 4362182 t=1009797265ms] waitms 8000
[frame 4556189 t=1009805265ms] daynight_level 0
[frame 4556189 t=1009805265ms] waitms 4000
[frame 4656856 t=1009809359ms] save stab_05.sve
[frame 4656856 t=1009809359ms] waitms 1000
[frame 4670148 t=1009810359ms] MEM cycle05 working-set 982.6 MB  peak 990.2 MB  commit 968.9 MB
[frame 4670148 t=1009810468ms] screenshot s05_cycle.png (1200x800) -> ok
[frame 4670148 t=1009810468ms] mark cycle 6
[frame 4670148 t=1009810468ms] center 62 74
[frame 4670148 t=1009810468ms] waitms 15000
[frame 4974711 t=1009825484ms] zoomout -> changed, tile_raster_width now 96
[frame 4974711 t=1009825484ms] waitms 8000
[frame 5095612 t=1009833484ms] zoomin -> changed, tile_raster_width now 128
[frame 5095612 t=1009833484ms] waitms 8000
[frame 5226910 t=1009841484ms] daynight_level 0
[frame 5226910 t=1009841484ms] waitms 8000
[frame 5323635 t=1009849484ms] daynight_level 0
[frame 5323635 t=1009849484ms] waitms 4000
[frame 5420521 t=1009853484ms] resize request 900x600 -> screen 900x600
[frame 5420521 t=1009853484ms] waitms 2000
[frame 5457125 t=1009855484ms] clip lane0 x 0..900 y 0..600  screen 900x600  MATCH
[frame 5457125 t=1009855531ms] screenshot s06_cycle.png (900x600) -> ok
[frame 5457125 t=1009855531ms] mark cycle 7
[frame 5457125 t=1009855531ms] center 79 43
[frame 5457125 t=1009855531ms] waitms 15000
[frame 5803145 t=1009870531ms] zoomout -> changed, tile_raster_width now 96
[frame 5803145 t=1009870531ms] waitms 8000
[frame 5985568 t=1009878531ms] zoomin -> changed, tile_raster_width now 128
[frame 5985568 t=1009878531ms] waitms 8000
[frame 6154867 t=1009886546ms] daynight_level 3
[frame 6154867 t=1009886546ms] waitms 8000
[frame 6284590 t=1009894546ms] daynight_level 0
[frame 6284590 t=1009894546ms] waitms 4000
[frame 6395992 t=1009898578ms] screenshot s07_cycle.png (900x600) -> ok
[frame 6395992 t=1009898578ms] mark cycle 8
[frame 6395992 t=1009898578ms] center 36 72
[frame 6395992 t=1009898578ms] waitms 15000
[frame 6688693 t=1009913578ms] zoomout -> changed, tile_raster_width now 96
[frame 6688693 t=1009913578ms] waitms 8000
[frame 6874249 t=1009921578ms] zoomin -> changed, tile_raster_width now 128
[frame 6874249 t=1009921578ms] waitms 8000
[frame 7040228 t=1009929578ms] daynight_level 6
[frame 7040228 t=1009929578ms] waitms 8000
[frame 7205013 t=1009937578ms] daynight_level 0
[frame 7205013 t=1009937578ms] waitms 4000
[frame 7296715 t=1009941625ms] screenshot s08_cycle.png (900x600) -> ok
[frame 7296715 t=1009941625ms] mark cycle 9
[frame 7296715 t=1009941625ms] center 53 41
[frame 7296715 t=1009941625ms] waitms 15000
[frame 7559348 t=1009956625ms] zoomout -> changed, tile_raster_width now 96
[frame 7559348 t=1009956625ms] waitms 8000
[frame 7757013 t=1009964625ms] zoomin -> changed, tile_raster_width now 128
[frame 7757013 t=1009964625ms] waitms 8000
[frame 7925414 t=1009972640ms] daynight_level 0
[frame 7925414 t=1009972640ms] waitms 8000
[frame 8065781 t=1009980640ms] daynight_level 0
[frame 8065781 t=1009980640ms] waitms 4000
[frame 8151994 t=1009984640ms] resize request 1200x800 -> screen 1200x800
[frame 8151994 t=1009984640ms] waitms 2000
[frame 8200426 t=1009986640ms] clip lane0 x 0..1200 y 0..800  screen 1200x800  MATCH
[frame 8200426 t=1009986781ms] screenshot s09_cycle.png (1200x800) -> ok
[frame 8200426 t=1009986781ms] mark cycle 10
[frame 8200426 t=1009986781ms] center 70 70
[frame 8200426 t=1009986781ms] waitms 15000
[frame 8565230 t=1010001781ms] zoomout -> changed, tile_raster_width now 96
[frame 8565230 t=1010001781ms] waitms 8000
[frame 8727922 t=1010009781ms] zoomin -> changed, tile_raster_width now 128
[frame 8727922 t=1010009781ms] waitms 8000
[frame 8905463 t=1010017781ms] daynight_level 3
[frame 8905463 t=1010017781ms] waitms 8000
[frame 9037179 t=1010025781ms] daynight_level 0
[frame 9037179 t=1010025781ms] waitms 4000
[frame 9121648 t=1010029890ms] save stab_10.sve
[frame 9121648 t=1010029890ms] waitms 1000
[frame 9125312 t=1010030890ms] MEM cycle10 working-set 989.2 MB  peak 996.8 MB  commit 975.2 MB
[frame 9125312 t=1010030984ms] screenshot s10_cycle.png (1200x800) -> ok
[frame 9125312 t=1010030984ms] mark cycle 11
[frame 9125312 t=1010030984ms] center 27 39
[frame 9125312 t=1010030984ms] waitms 15000
[frame 9455112 t=1010045984ms] zoomout -> changed, tile_raster_width now 96
[frame 9455112 t=1010045984ms] waitms 8000
[frame 9673434 t=1010053984ms] zoomin -> changed, tile_raster_width now 128
[frame 9673434 t=1010053984ms] waitms 8000
[frame 9814480 t=1010061984ms] daynight_level 6
[frame 9814480 t=1010061984ms] waitms 8000
[frame 9939764 t=1010069984ms] daynight_level 0
[frame 9939764 t=1010069984ms] waitms 4000
[frame 10025642 t=1010074078ms] screenshot s11_cycle.png (1200x800) -> ok
[frame 10025642 t=1010074078ms] mark cycle 12
[frame 10025642 t=1010074078ms] center 44 68
[frame 10025642 t=1010074078ms] waitms 15000
[frame 10373907 t=1010089078ms] zoomout -> changed, tile_raster_width now 96
[frame 10373907 t=1010089078ms] waitms 8000
[frame 10527592 t=1010097078ms] zoomin -> changed, tile_raster_width now 128
[frame 10527592 t=1010097078ms] waitms 8000
[frame 10649823 t=1010105078ms] daynight_level 0
[frame 10649823 t=1010105078ms] waitms 8000
[frame 10825870 t=1010113078ms] daynight_level 0
[frame 10825870 t=1010113078ms] waitms 4000
[frame 10916916 t=1010117078ms] resize request 900x600 -> screen 900x600
[frame 10916916 t=1010117078ms] waitms 2000
[frame 10936531 t=1010119078ms] clip lane0 x 0..900 y 0..600  screen 900x600  MATCH
[frame 10936531 t=1010119156ms] screenshot s12_cycle.png (900x600) -> ok
[frame 10936531 t=1010119156ms] mark cycle 13
[frame 10936531 t=1010119156ms] center 61 37
[frame 10936531 t=1010119156ms] waitms 15000
[frame 11232530 t=1010134156ms] zoomout -> changed, tile_raster_width now 96
[frame 11232530 t=1010134156ms] waitms 8000
[frame 11439446 t=1010142156ms] zoomin -> changed, tile_raster_width now 128
[frame 11439446 t=1010142156ms] waitms 8000
[frame 11636153 t=1010150156ms] daynight_level 3
[frame 11636153 t=1010150156ms] waitms 8000
[frame 11809100 t=1010158156ms] daynight_level 0
[frame 11809100 t=1010158156ms] waitms 4000
[frame 11884320 t=1010162203ms] screenshot s13_cycle.png (900x600) -> ok
[frame 11884320 t=1010162203ms] mark cycle 14
[frame 11884320 t=1010162203ms] center 78 66
[frame 11884320 t=1010162203ms] waitms 15000
[frame 12226430 t=1010177203ms] zoomout -> changed, tile_raster_width now 96
[frame 12226430 t=1010177203ms] waitms 8000
[frame 12366031 t=1010185218ms] zoomin -> changed, tile_raster_width now 128
[frame 12366031 t=1010185218ms] waitms 8000
[frame 12482104 t=1010193218ms] daynight_level 6
[frame 12482104 t=1010193218ms] waitms 8000
[frame 12640651 t=1010201218ms] daynight_level 0
[frame 12640651 t=1010201218ms] waitms 4000
[frame 12729263 t=1010205265ms] screenshot s14_cycle.png (900x600) -> ok
[frame 12729263 t=1010205265ms] mark cycle 15
[frame 12729263 t=1010205265ms] center 35 35
[frame 12729263 t=1010205265ms] waitms 15000
[frame 13099211 t=1010220265ms] zoomout -> changed, tile_raster_width now 96
[frame 13099211 t=1010220265ms] waitms 8000
[frame 13296709 t=1010228281ms] zoomin -> changed, tile_raster_width now 128
[frame 13296709 t=1010228281ms] waitms 8000
[frame 13471599 t=1010236281ms] daynight_level 0
[frame 13471599 t=1010236281ms] waitms 8000
[frame 13656324 t=1010244281ms] daynight_level 0
[frame 13656324 t=1010244281ms] waitms 4000
[frame 13741051 t=1010248281ms] resize request 1200x800 -> screen 1200x800
[frame 13741051 t=1010248281ms] waitms 2000
[frame 13769569 t=1010250281ms] clip lane0 x 0..1200 y 0..800  screen 1200x800  MATCH
[frame 13769569 t=1010250390ms] save stab_15.sve
[frame 13769569 t=1010250390ms] waitms 1000
[frame 13783311 t=1010251390ms] MEM cycle15 working-set 989.7 MB  peak 997.3 MB  commit 975.6 MB
[frame 13783311 t=1010251468ms] screenshot s15_cycle.png (1200x800) -> ok
[frame 13783311 t=1010251468ms] mark cycle 16
[frame 13783311 t=1010251468ms] center 52 64
[frame 13783311 t=1010251468ms] waitms 15000
[frame 14059853 t=1010266468ms] zoomout -> changed, tile_raster_width now 96
[frame 14059853 t=1010266468ms] waitms 8000
[frame 14237872 t=1010274468ms] zoomin -> changed, tile_raster_width now 128
[frame 14237872 t=1010274468ms] waitms 8000
[frame 14379000 t=1010282468ms] daynight_level 3
[frame 14379000 t=1010282468ms] waitms 8000
[frame 14525831 t=1010290484ms] daynight_level 0
[frame 14525831 t=1010290484ms] waitms 4000
[frame 14629671 t=1010294578ms] screenshot s16_cycle.png (1200x800) -> ok
[frame 14629671 t=1010294578ms] mark cycle 17
[frame 14629671 t=1010294578ms] center 69 33
[frame 14629671 t=1010294593ms] waitms 15000
[frame 14969176 t=1010309593ms] zoomout -> changed, tile_raster_width now 96
[frame 14969176 t=1010309593ms] waitms 8000
[frame 15135413 t=1010317593ms] zoomin -> changed, tile_raster_width now 128
[frame 15135413 t=1010317593ms] waitms 8000
[frame 15292898 t=1010325593ms] daynight_level 6
[frame 15292898 t=1010325593ms] waitms 8000
[frame 15450164 t=1010333593ms] daynight_level 0
[frame 15450164 t=1010333593ms] waitms 4000
[frame 15514649 t=1010337718ms] screenshot s17_cycle.png (1200x800) -> ok
[frame 15514649 t=1010337718ms] mark cycle 18
[frame 15514649 t=1010337718ms] center 26 62
[frame 15514649 t=1010337718ms] waitms 15000
[frame 15789677 t=1010352718ms] zoomout -> changed, tile_raster_width now 96
[frame 15789677 t=1010352718ms] waitms 8000
[frame 15952438 t=1010360718ms] zoomin -> changed, tile_raster_width now 128
[frame 15952438 t=1010360718ms] waitms 8000
[frame 16097796 t=1010368718ms] daynight_level 0
[frame 16097796 t=1010368718ms] waitms 8000
[frame 16217185 t=1010376718ms] daynight_level 0
[frame 16217185 t=1010376718ms] waitms 4000
[frame 16299583 t=1010380734ms] resize request 900x600 -> screen 900x600
[frame 16299583 t=1010380734ms] waitms 2000
[frame 16343462 t=1010382734ms] clip lane0 x 0..900 y 0..600  screen 900x600  MATCH
[frame 16343462 t=1010382765ms] screenshot s18_cycle.png (900x600) -> ok
[frame 16343462 t=1010382765ms] mark cycle 19
[frame 16343462 t=1010382765ms] center 43 31
[frame 16343462 t=1010382765ms] waitms 15000
[frame 16710991 t=1010397765ms] zoomout -> changed, tile_raster_width now 96
[frame 16710991 t=1010397765ms] waitms 8000
[frame 16894954 t=1010405765ms] zoomin -> changed, tile_raster_width now 128
[frame 16894954 t=1010405765ms] waitms 8000
[frame 17081954 t=1010413765ms] daynight_level 3
[frame 17081954 t=1010413765ms] waitms 8000
[frame 17263696 t=1010421765ms] daynight_level 0
[frame 17263696 t=1010421765ms] waitms 4000
[frame 17345813 t=1010425812ms] screenshot s19_cycle.png (900x600) -> ok
[frame 17345813 t=1010425812ms] mark cycle 20
[frame 17345813 t=1010425812ms] center 60 60
[frame 17345813 t=1010425812ms] waitms 15000
[frame 17681062 t=1010440812ms] zoomout -> changed, tile_raster_width now 96
[frame 17681062 t=1010440812ms] waitms 8000
[frame 17864393 t=1010448812ms] zoomin -> changed, tile_raster_width now 128
[frame 17864393 t=1010448812ms] waitms 8000
[frame 18048209 t=1010456812ms] daynight_level 6
[frame 18048209 t=1010456812ms] waitms 8000
[frame 18200522 t=1010464828ms] daynight_level 0
[frame 18200522 t=1010464828ms] waitms 4000
[frame 18292995 t=1010468953ms] save stab_20.sve
[frame 18292995 t=1010468953ms] waitms 1000
[frame 18314544 t=1010469953ms] MEM cycle20 working-set 980.1 MB  peak 997.3 MB  commit 964.5 MB
[frame 18314544 t=1010470000ms] screenshot s20_cycle.png (900x600) -> ok
[frame 18314544 t=1010470000ms] mark cycle 21
[frame 18314544 t=1010470000ms] center 77 29
[frame 18314544 t=1010470000ms] waitms 15000
[frame 18571528 t=1010485000ms] zoomout -> changed, tile_raster_width now 96
[frame 18571528 t=1010485000ms] waitms 8000
[frame 18710040 t=1010493000ms] zoomin -> changed, tile_raster_width now 128
[frame 18710040 t=1010493000ms] waitms 8000
[frame 18864011 t=1010501000ms] daynight_level 0
[frame 18864011 t=1010501000ms] waitms 8000
[frame 19040261 t=1010509000ms] daynight_level 0
[frame 19040261 t=1010509000ms] waitms 4000
[frame 19139762 t=1010513015ms] resize request 1200x800 -> screen 1200x800
[frame 19139762 t=1010513015ms] waitms 2000
[frame 19161694 t=1010515015ms] clip lane0 x 0..1200 y 0..800  screen 1200x800  MATCH
[frame 19161694 t=1010515125ms] screenshot s21_cycle.png (1200x800) -> ok
[frame 19161694 t=1010515125ms] mark cycle 22
[frame 19161694 t=1010515125ms] center 34 58
[frame 19161694 t=1010515125ms] waitms 15000
[frame 19443172 t=1010530125ms] zoomout -> changed, tile_raster_width now 96
[frame 19443172 t=1010530125ms] waitms 8000
[frame 19577755 t=1010538125ms] zoomin -> changed, tile_raster_width now 128
[frame 19577755 t=1010538125ms] waitms 8000
[frame 19766761 t=1010546125ms] daynight_level 3
[frame 19766761 t=1010546125ms] waitms 8000
[frame 19946800 t=1010554140ms] daynight_level 0
[frame 19946800 t=1010554140ms] waitms 4000
[frame 20016335 t=1010558218ms] screenshot s22_cycle.png (1200x800) -> ok
[frame 20016335 t=1010558218ms] mark cycle 23
[frame 20016335 t=1010558218ms] center 51 27
[frame 20016335 t=1010558218ms] waitms 15000
[frame 20253432 t=1010573218ms] zoomout -> changed, tile_raster_width now 96
[frame 20253432 t=1010573218ms] waitms 8000
[frame 20424705 t=1010581218ms] zoomin -> changed, tile_raster_width now 128
[frame 20424705 t=1010581218ms] waitms 8000
[frame 20606182 t=1010589218ms] daynight_level 6
[frame 20606182 t=1010589218ms] waitms 8000
[frame 20726658 t=1010597218ms] daynight_level 0
[frame 20726658 t=1010597218ms] waitms 4000
[frame 20791447 t=1010601281ms] screenshot s23_cycle.png (1200x800) -> ok
[frame 20791447 t=1010601281ms] mark cycle 24
[frame 20791447 t=1010601281ms] center 68 56
[frame 20791447 t=1010601281ms] waitms 15000
[frame 21099012 t=1010616296ms] zoomout -> changed, tile_raster_width now 96
[frame 21099012 t=1010616296ms] waitms 8000
[frame 21290259 t=1010624296ms] zoomin -> changed, tile_raster_width now 128
[frame 21290259 t=1010624296ms] waitms 8000
[frame 21437168 t=1010632296ms] daynight_level 0
[frame 21437168 t=1010632296ms] waitms 8000
[frame 21577691 t=1010640296ms] daynight_level 0
[frame 21577691 t=1010640296ms] waitms 4000
[frame 21648029 t=1010644296ms] resize request 900x600 -> screen 900x600
[frame 21648029 t=1010644296ms] waitms 2000
[frame 21700006 t=1010646296ms] clip lane0 x 0..900 y 0..600  screen 900x600  MATCH
[frame 21700006 t=1010646390ms] screenshot s24_cycle.png (900x600) -> ok
[frame 21700006 t=1010646390ms] mark cycle 25
[frame 21700006 t=1010646390ms] center 25 25
[frame 21700006 t=1010646390ms] waitms 15000
[frame 22039714 t=1010661390ms] zoomout -> changed, tile_raster_width now 96
[frame 22039714 t=1010661390ms] waitms 8000
[frame 22195504 t=1010669390ms] zoomin -> changed, tile_raster_width now 128
[frame 22195504 t=1010669390ms] waitms 8000
[frame 22316676 t=1010677390ms] daynight_level 3
[frame 22316676 t=1010677390ms] waitms 8000
[frame 22530671 t=1010685390ms] daynight_level 0
[frame 22530671 t=1010685390ms] waitms 4000
[frame 22633678 t=1010689515ms] save stab_25.sve
[frame 22633678 t=1010689515ms] waitms 1000
[frame 22652622 t=1010690515ms] MEM cycle25 working-set 983.2 MB  peak 997.3 MB  commit 967.6 MB
[frame 22652622 t=1010690546ms] screenshot s25_cycle.png (900x600) -> ok
[frame 22652622 t=1010690562ms] mark cycle 26
[frame 22652622 t=1010690562ms] center 42 54
[frame 22652622 t=1010690562ms] waitms 15000
[frame 23014324 t=1010705562ms] zoomout -> changed, tile_raster_width now 96
[frame 23014324 t=1010705562ms] waitms 8000
[frame 23177475 t=1010713562ms] zoomin -> changed, tile_raster_width now 128
[frame 23177475 t=1010713562ms] waitms 8000
[frame 23346226 t=1010721562ms] daynight_level 6
[frame 23346226 t=1010721562ms] waitms 8000
[frame 23534373 t=1010729562ms] daynight_level 0
[frame 23534373 t=1010729562ms] waitms 4000
[frame 23640445 t=1010733625ms] screenshot s26_cycle.png (900x600) -> ok
[frame 23640445 t=1010733625ms] mark cycle 27
[frame 23640445 t=1010733625ms] center 59 23
[frame 23640445 t=1010733625ms] waitms 15000
[frame 23934876 t=1010748625ms] zoomout -> changed, tile_raster_width now 96
[frame 23934876 t=1010748625ms] waitms 8000
[frame 24121851 t=1010756625ms] zoomin -> changed, tile_raster_width now 128
[frame 24121851 t=1010756625ms] waitms 8000
[frame 24308844 t=1010764625ms] daynight_level 0
[frame 24308844 t=1010764625ms] waitms 8000
[frame 24481613 t=1010772625ms] daynight_level 0
[frame 24481613 t=1010772625ms] waitms 4000
[frame 24553256 t=1010776625ms] resize request 1200x800 -> screen 1200x800
[frame 24553256 t=1010776625ms] waitms 2000
[frame 24620647 t=1010778640ms] clip lane0 x 0..1200 y 0..800  screen 1200x800  MATCH
[frame 24620647 t=1010778781ms] screenshot s27_cycle.png (1200x800) -> ok
[frame 24620647 t=1010778781ms] mark cycle 28
[frame 24620647 t=1010778781ms] center 76 52
[frame 24620647 t=1010778781ms] waitms 15000
[frame 24975257 t=1010793796ms] zoomout -> changed, tile_raster_width now 96
[frame 24975257 t=1010793796ms] waitms 8000
[frame 25122547 t=1010801796ms] zoomin -> changed, tile_raster_width now 128
[frame 25122547 t=1010801796ms] waitms 8000
[frame 25273042 t=1010809796ms] daynight_level 3
[frame 25273042 t=1010809796ms] waitms 8000
[frame 25446973 t=1010817796ms] daynight_level 0
[frame 25446973 t=1010817796ms] waitms 4000
[frame 25541182 t=1010821937ms] screenshot s28_cycle.png (1200x800) -> ok
[frame 25541182 t=1010821937ms] mark cycle 29
[frame 25541182 t=1010821937ms] center 33 21
[frame 25541182 t=1010821937ms] waitms 15000
[frame 25775906 t=1010836937ms] zoomout -> changed, tile_raster_width now 96
[frame 25775906 t=1010836937ms] waitms 8000
[frame 25921006 t=1010844937ms] zoomin -> changed, tile_raster_width now 128
[frame 25921006 t=1010844937ms] waitms 8000
[frame 26063440 t=1010852937ms] daynight_level 6
[frame 26063440 t=1010852937ms] waitms 8000
[frame 26202455 t=1010860953ms] daynight_level 0
[frame 26202455 t=1010860953ms] waitms 4000
[frame 26312477 t=1010865046ms] screenshot s29_cycle.png (1200x800) -> ok
[frame 26312477 t=1010865046ms] mark cycle 30
[frame 26312477 t=1010865046ms] center 50 50
[frame 26312477 t=1010865046ms] waitms 15000
[frame 26629347 t=1010880062ms] zoomout -> changed, tile_raster_width now 96
[frame 26629347 t=1010880062ms] waitms 8000
[frame 26761007 t=1010888062ms] zoomin -> changed, tile_raster_width now 128
[frame 26761007 t=1010888062ms] waitms 8000
[frame 26969995 t=1010896062ms] daynight_level 0
[frame 26969995 t=1010896062ms] waitms 8000
[frame 27124422 t=1010904062ms] daynight_level 0
[frame 27124422 t=1010904062ms] waitms 4000
[frame 27200823 t=1010908062ms] resize request 900x600 -> screen 900x600
[frame 27200823 t=1010908062ms] waitms 2000
[frame 27248029 t=1010910062ms] clip lane0 x 0..900 y 0..600  screen 900x600  MATCH
[frame 27248029 t=1010910187ms] save stab_30.sve
[frame 27248029 t=1010910187ms] waitms 1000
[frame 27270408 t=1010911187ms] MEM cycle30 working-set 985.7 MB  peak 997.3 MB  commit 967.8 MB
[frame 27270408 t=1010911250ms] screenshot s30_cycle.png (900x600) -> ok
[frame 27270408 t=1010911250ms] mark cycle 31
[frame 27270408 t=1010911250ms] center 67 79
[frame 27270408 t=1010911250ms] waitms 15000
[frame 27587198 t=1010926250ms] zoomout -> changed, tile_raster_width now 96
[frame 27587198 t=1010926250ms] waitms 8000
[frame 27736207 t=1010934250ms] zoomin -> changed, tile_raster_width now 128
[frame 27736207 t=1010934250ms] waitms 8000
[frame 27961132 t=1010942250ms] daynight_level 3
[frame 27961132 t=1010942250ms] waitms 8000
[frame 28166022 t=1010950250ms] daynight_level 0
[frame 28166022 t=1010950250ms] waitms 4000
[frame 28229465 t=1010954328ms] screenshot s31_cycle.png (900x600) -> ok
[frame 28229465 t=1010954328ms] mark cycle 32
[frame 28229465 t=1010954328ms] center 24 48
[frame 28229465 t=1010954328ms] waitms 15000
[frame 28645237 t=1010969328ms] zoomout -> changed, tile_raster_width now 96
[frame 28645237 t=1010969328ms] waitms 8000
[frame 28787306 t=1010977328ms] zoomin -> changed, tile_raster_width now 128
[frame 28787306 t=1010977328ms] waitms 8000
[frame 28936926 t=1010985328ms] daynight_level 6
[frame 28936926 t=1010985328ms] waitms 8000
[frame 29102619 t=1010993328ms] daynight_level 0
[frame 29102619 t=1010993328ms] waitms 4000
[frame 29170335 t=1010997375ms] screenshot s32_cycle.png (900x600) -> ok
[frame 29170335 t=1010997375ms] mark cycle 33
[frame 29170335 t=1010997375ms] center 41 77
[frame 29170335 t=1010997375ms] waitms 15000
[frame 29508593 t=1011012375ms] zoomout -> changed, tile_raster_width now 96
[frame 29508593 t=1011012375ms] waitms 8000
[frame 29690505 t=1011020375ms] zoomin -> changed, tile_raster_width now 128
[frame 29690505 t=1011020375ms] waitms 8000
[frame 29839856 t=1011028375ms] daynight_level 0
[frame 29839856 t=1011028375ms] waitms 8000
[frame 30013196 t=1011036375ms] daynight_level 0
[frame 30013196 t=1011036375ms] waitms 4000
[frame 30073615 t=1011040375ms] resize request 1200x800 -> screen 1200x800
[frame 30073615 t=1011040375ms] waitms 2000
[frame 30121243 t=1011042375ms] clip lane0 x 0..1200 y 0..800  screen 1200x800  MATCH
[frame 30121243 t=1011042468ms] screenshot s33_cycle.png (1200x800) -> ok
[frame 30121243 t=1011042468ms] mark cycle 34
[frame 30121243 t=1011042468ms] center 58 46
[frame 30121243 t=1011042468ms] waitms 15000
[frame 30451043 t=1011057468ms] zoomout -> changed, tile_raster_width now 96
[frame 30451043 t=1011057468ms] waitms 8000
[frame 30687189 t=1011065468ms] zoomin -> changed, tile_raster_width now 128
[frame 30687189 t=1011065468ms] waitms 8000
[frame 30818245 t=1011073468ms] daynight_level 3
[frame 30818245 t=1011073468ms] waitms 8000
[frame 30975250 t=1011081468ms] daynight_level 0
[frame 30975250 t=1011081468ms] waitms 4000
[frame 31037438 t=1011085609ms] screenshot s34_cycle.png (1200x800) -> ok
[frame 31037438 t=1011085609ms] mark cycle 35
[frame 31037438 t=1011085609ms] center 75 75
[frame 31037438 t=1011085609ms] waitms 15000
[frame 31395678 t=1011100625ms] zoomout -> changed, tile_raster_width now 96
[frame 31395678 t=1011100625ms] waitms 8000
[frame 31560790 t=1011108625ms] zoomin -> changed, tile_raster_width now 128
[frame 31560790 t=1011108625ms] waitms 8000
[frame 31788044 t=1011116625ms] daynight_level 6
[frame 31788044 t=1011116625ms] waitms 8000
[frame 31954924 t=1011124625ms] daynight_level 0
[frame 31954924 t=1011124625ms] waitms 4000
[frame 32010330 t=1011128734ms] save stab_35.sve
[frame 32010330 t=1011128734ms] waitms 1000
[frame 32029756 t=1011129734ms] MEM cycle35 working-set 989.8 MB  peak 997.4 MB  commit 972.0 MB
[frame 32029756 t=1011129812ms] screenshot s35_cycle.png (1200x800) -> ok
[frame 32029756 t=1011129812ms] mark cycle 36
[frame 32029756 t=1011129812ms] center 32 44
[frame 32029756 t=1011129812ms] waitms 15000
[frame 32359275 t=1011144812ms] zoomout -> changed, tile_raster_width now 96
[frame 32359275 t=1011144812ms] waitms 8000
[frame 32525316 t=1011152812ms] zoomin -> changed, tile_raster_width now 128
[frame 32525316 t=1011152812ms] waitms 8000
[frame 32672973 t=1011160812ms] daynight_level 0
[frame 32672973 t=1011160812ms] waitms 8000
[frame 32843999 t=1011168812ms] daynight_level 0
[frame 32843999 t=1011168812ms] waitms 4000
[frame 32929553 t=1011172812ms] resize request 900x600 -> screen 900x600
[frame 32929553 t=1011172812ms] waitms 2000
[frame 32979315 t=1011174812ms] clip lane0 x 0..900 y 0..600  screen 900x600  MATCH
[frame 32979315 t=1011174843ms] screenshot s36_cycle.png (900x600) -> ok
[frame 32979315 t=1011174843ms] mark cycle 37
[frame 32979315 t=1011174843ms] center 49 73
[frame 32979315 t=1011174843ms] waitms 15000
[frame 33310087 t=1011189843ms] zoomout -> changed, tile_raster_width now 96
[frame 33310087 t=1011189843ms] waitms 8000
[frame 33508098 t=1011197859ms] zoomin -> changed, tile_raster_width now 128
[frame 33508098 t=1011197859ms] waitms 8000
[frame 33665367 t=1011205859ms] daynight_level 3
[frame 33665367 t=1011205859ms] waitms 8000
[frame 33765167 t=1011213859ms] daynight_level 0
[frame 33765167 t=1011213859ms] waitms 4000
[frame 33843468 t=1011217921ms] screenshot s37_cycle.png (900x600) -> ok
[frame 33843468 t=1011217921ms] mark cycle 38
[frame 33843468 t=1011217921ms] center 66 42
[frame 33843468 t=1011217921ms] waitms 15000
[frame 34113251 t=1011232921ms] zoomout -> changed, tile_raster_width now 96
[frame 34113251 t=1011232921ms] waitms 8000
[frame 34245512 t=1011240921ms] zoomin -> changed, tile_raster_width now 128
[frame 34245512 t=1011240921ms] waitms 8000
[frame 34412231 t=1011248921ms] daynight_level 6
[frame 34412231 t=1011248921ms] waitms 8000
[frame 34552269 t=1011256921ms] daynight_level 0
[frame 34552269 t=1011256921ms] waitms 4000
[frame 34635807 t=1011260984ms] screenshot s38_cycle.png (900x600) -> ok
[frame 34635807 t=1011260984ms] mark cycle 39
[frame 34635807 t=1011260984ms] center 23 71
[frame 34635807 t=1011260984ms] waitms 15000
[frame 34957682 t=1011275984ms] zoomout -> changed, tile_raster_width now 96
[frame 34957682 t=1011275984ms] waitms 8000
[frame 35150708 t=1011283984ms] zoomin -> changed, tile_raster_width now 128
[frame 35150708 t=1011283984ms] waitms 8000
[frame 35287447 t=1011291984ms] daynight_level 0
[frame 35287447 t=1011291984ms] waitms 8000
[frame 35481948 t=1011299984ms] daynight_level 0
[frame 35481948 t=1011299984ms] waitms 4000
[frame 35545755 t=1011303984ms] resize request 1200x800 -> screen 1200x800
[frame 35545755 t=1011303984ms] waitms 2000
[frame 35594975 t=1011306000ms] clip lane0 x 0..1200 y 0..800  screen 1200x800  MATCH
[frame 35594975 t=1011306093ms] screenshot s39_cycle.png (1200x800) -> ok
[frame 35594975 t=1011306093ms] mark cycle 40
[frame 35594975 t=1011306093ms] center 40 40
[frame 35594975 t=1011306093ms] waitms 15000
[frame 35850646 t=1011321093ms] zoomout -> changed, tile_raster_width now 96
[frame 35850646 t=1011321093ms] waitms 8000
[frame 36004214 t=1011329093ms] zoomin -> changed, tile_raster_width now 128
[frame 36004214 t=1011329093ms] waitms 8000
[frame 36156819 t=1011337093ms] daynight_level 3
[frame 36156819 t=1011337093ms] waitms 8000
[frame 36364708 t=1011345093ms] daynight_level 0
[frame 36364708 t=1011345093ms] waitms 4000
[frame 36430943 t=1011349187ms] save stab_40.sve
[frame 36430943 t=1011349187ms] waitms 1000
[frame 36448339 t=1011350203ms] MEM cycle40 working-set 988.1 MB  peak 997.9 MB  commit 972.5 MB
[frame 36448339 t=1011350281ms] screenshot s40_cycle.png (1200x800) -> ok
[frame 36448339 t=1011350281ms] mark cycle 41
[frame 36448339 t=1011350281ms] center 57 69
[frame 36448339 t=1011350281ms] waitms 15000
[frame 36812632 t=1011365281ms] zoomout -> changed, tile_raster_width now 96
[frame 36812632 t=1011365281ms] waitms 8000
[frame 36996095 t=1011373281ms] zoomin -> changed, tile_raster_width now 128
[frame 36996095 t=1011373281ms] waitms 8000
[frame 37144644 t=1011381281ms] daynight_level 6
[frame 37144644 t=1011381281ms] waitms 8000
[frame 37313969 t=1011389281ms] daynight_level 0
[frame 37313969 t=1011389281ms] waitms 4000
[frame 37392451 t=1011393375ms] screenshot s41_cycle.png (1200x800) -> ok
[frame 37392451 t=1011393375ms] mark cycle 42
[frame 37392451 t=1011393375ms] center 74 38
[frame 37392451 t=1011393375ms] waitms 15000
[frame 37704847 t=1011408375ms] zoomout -> changed, tile_raster_width now 96
[frame 37704847 t=1011408375ms] waitms 8000
[frame 37874853 t=1011416375ms] zoomin -> changed, tile_raster_width now 128
[frame 37874853 t=1011416375ms] waitms 8000
[frame 38036498 t=1011424375ms] daynight_level 0
[frame 38036498 t=1011424375ms] waitms 8000
[frame 38198138 t=1011432375ms] daynight_level 0
[frame 38198138 t=1011432375ms] waitms 4000
[frame 38301519 t=1011436375ms] resize request 900x600 -> screen 900x600
[frame 38301519 t=1011436375ms] waitms 2000
[frame 38346148 t=1011438375ms] clip lane0 x 0..900 y 0..600  screen 900x600  MATCH
[frame 38346148 t=1011438406ms] screenshot s42_cycle.png (900x600) -> ok
[frame 38346148 t=1011438406ms] mark cycle 43
[frame 38346148 t=1011438406ms] center 31 67
[frame 38346148 t=1011438406ms] waitms 15000
[frame 38633384 t=1011453421ms] zoomout -> changed, tile_raster_width now 96
[frame 38633384 t=1011453421ms] waitms 8000
[frame 38793363 t=1011461421ms] zoomin -> changed, tile_raster_width now 128
[frame 38793363 t=1011461421ms] waitms 8000
[frame 38947301 t=1011469421ms] daynight_level 3
[frame 38947301 t=1011469421ms] waitms 8000
[frame 39119042 t=1011477421ms] daynight_level 0
[frame 39119042 t=1011477421ms] waitms 4000
[frame 39170429 t=1011481453ms] screenshot s43_cycle.png (900x600) -> ok
[frame 39170429 t=1011481453ms] mark cycle 44
[frame 39170429 t=1011481453ms] center 48 36
[frame 39170429 t=1011481453ms] waitms 15000
[frame 39487275 t=1011496453ms] zoomout -> changed, tile_raster_width now 96
[frame 39487275 t=1011496453ms] waitms 8000
[frame 39658354 t=1011504453ms] zoomin -> changed, tile_raster_width now 128
[frame 39658354 t=1011504453ms] waitms 8000
[frame 39821925 t=1011512468ms] daynight_level 6
[frame 39821925 t=1011512468ms] waitms 8000
[frame 40058806 t=1011520468ms] daynight_level 0
[frame 40058806 t=1011520468ms] waitms 4000
[frame 40137716 t=1011524531ms] screenshot s44_cycle.png (900x600) -> ok
[frame 40137716 t=1011524531ms] mark cycle 45
[frame 40137716 t=1011524531ms] center 65 65
[frame 40137716 t=1011524531ms] waitms 15000
[frame 40428294 t=1011539531ms] zoomout -> changed, tile_raster_width now 96
[frame 40428294 t=1011539531ms] waitms 8000
[frame 40585578 t=1011547546ms] zoomin -> changed, tile_raster_width now 128
[frame 40585578 t=1011547546ms] waitms 8000
[frame 40723603 t=1011555546ms] daynight_level 0
[frame 40723603 t=1011555546ms] waitms 8000
[frame 40885359 t=1011563546ms] daynight_level 0
[frame 40885359 t=1011563546ms] waitms 4000
[frame 40952737 t=1011567546ms] resize request 1200x800 -> screen 1200x800
[frame 40952737 t=1011567546ms] waitms 2000
[frame 40987438 t=1011569546ms] clip lane0 x 0..1200 y 0..800  screen 1200x800  MATCH
[frame 40987438 t=1011569640ms] save stab_45.sve
[frame 40987438 t=1011569640ms] waitms 1000
[frame 41004449 t=1011570640ms] MEM cycle45 working-set 986.7 MB  peak 997.9 MB  commit 972.5 MB
[frame 41004449 t=1011570734ms] screenshot s45_cycle.png (1200x800) -> ok
[frame 41004449 t=1011570734ms] mark cycle 46
[frame 41004449 t=1011570734ms] center 22 34
[frame 41004449 t=1011570734ms] waitms 15000
[frame 41294901 t=1011585734ms] zoomout -> changed, tile_raster_width now 96
[frame 41294901 t=1011585734ms] waitms 8000
[frame 41440591 t=1011593734ms] zoomin -> changed, tile_raster_width now 128
[frame 41440591 t=1011593734ms] waitms 8000
[frame 41610993 t=1011601734ms] daynight_level 3
[frame 41610993 t=1011601734ms] waitms 8000
[frame 41799359 t=1011609734ms] daynight_level 0
[frame 41799359 t=1011609734ms] waitms 4000
[frame 41912093 t=1011613812ms] screenshot s46_cycle.png (1200x800) -> ok
[frame 41912093 t=1011613812ms] mark cycle 47
[frame 41912093 t=1011613812ms] center 39 63
[frame 41912093 t=1011613812ms] waitms 15000
[frame 42230514 t=1011628812ms] zoomout -> changed, tile_raster_width now 96
[frame 42230514 t=1011628812ms] waitms 8000
[frame 42365084 t=1011636812ms] zoomin -> changed, tile_raster_width now 128
[frame 42365084 t=1011636812ms] waitms 8000
[frame 42494712 t=1011644828ms] daynight_level 6
[frame 42494712 t=1011644828ms] waitms 8000
[frame 42640480 t=1011652828ms] daynight_level 0
[frame 42640480 t=1011652828ms] waitms 4000
[frame 42722890 t=1011656953ms] screenshot s47_cycle.png (1200x800) -> ok
[frame 42722890 t=1011656953ms] mark cycle 48
[frame 42722890 t=1011656953ms] center 56 32
[frame 42722890 t=1011656953ms] waitms 15000
[frame 42953050 t=1011671953ms] zoomout -> changed, tile_raster_width now 96
[frame 42953050 t=1011671953ms] waitms 8000
[frame 43143634 t=1011679953ms] zoomin -> changed, tile_raster_width now 128
[frame 43143634 t=1011679953ms] waitms 8000
[frame 43300071 t=1011687953ms] daynight_level 0
[frame 43300071 t=1011687953ms] waitms 8000
[frame 43417282 t=1011695953ms] daynight_level 0
[frame 43417282 t=1011695953ms] waitms 4000
[frame 43468999 t=1011699953ms] resize request 900x600 -> screen 900x600
[frame 43468999 t=1011699953ms] waitms 2000
[frame 43491820 t=1011701953ms] clip lane0 x 0..900 y 0..600  screen 900x600  MATCH
[frame 43491820 t=1011702000ms] screenshot s48_cycle.png (900x600) -> ok
[frame 43491820 t=1011702000ms] mark cycle 49
[frame 43491820 t=1011702000ms] center 73 61
[frame 43491820 t=1011702000ms] waitms 15000
[frame 43755319 t=1011717000ms] zoomout -> changed, tile_raster_width now 96
[frame 43755319 t=1011717000ms] waitms 8000
[frame 43905528 t=1011725000ms] zoomin -> changed, tile_raster_width now 128
[frame 43905528 t=1011725000ms] waitms 8000
[frame 44041897 t=1011733015ms] daynight_level 3
[frame 44041897 t=1011733015ms] waitms 8000
[frame 44174861 t=1011741015ms] daynight_level 0
[frame 44174861 t=1011741015ms] waitms 4000
[frame 44261614 t=1011745062ms] screenshot s49_cycle.png (900x600) -> ok
[frame 44261614 t=1011745062ms] mark cycle 50
[frame 44261614 t=1011745062ms] center 30 30
[frame 44261614 t=1011745062ms] waitms 15000
[frame 44519157 t=1011760062ms] zoomout -> changed, tile_raster_width now 96
[frame 44519157 t=1011760062ms] waitms 8000
[frame 44686602 t=1011768062ms] zoomin -> changed, tile_raster_width now 128
[frame 44686602 t=1011768062ms] waitms 8000
[frame 44821862 t=1011776062ms] daynight_level 6
[frame 44821862 t=1011776062ms] waitms 8000
[frame 44976352 t=1011784062ms] daynight_level 0
[frame 44976352 t=1011784062ms] waitms 4000
[frame 45072647 t=1011788140ms] save stab_50.sve
[frame 45072647 t=1011788140ms] waitms 1000
[frame 45077542 t=1011789156ms] MEM cycle50 working-set 985.1 MB  peak 997.9 MB  commit 969.4 MB
[frame 45077542 t=1011789187ms] screenshot s50_cycle.png (900x600) -> ok
[frame 45077542 t=1011789187ms] mark cycle 51
[frame 45077542 t=1011789187ms] center 47 59
[frame 45077542 t=1011789187ms] waitms 15000
[frame 45353849 t=1011804187ms] zoomout -> changed, tile_raster_width now 96
[frame 45353849 t=1011804187ms] waitms 8000
[frame 45508230 t=1011812203ms] zoomin -> changed, tile_raster_width now 128
[frame 45508230 t=1011812203ms] waitms 8000
[frame 45682313 t=1011820203ms] daynight_level 0
[frame 45682313 t=1011820203ms] waitms 8000
[frame 45804223 t=1011828203ms] daynight_level 0
[frame 45804223 t=1011828203ms] waitms 4000
[frame 45855231 t=1011832203ms] resize request 1200x800 -> screen 1200x800
[frame 45855231 t=1011832203ms] waitms 2000
[frame 45906596 t=1011834203ms] clip lane0 x 0..1200 y 0..800  screen 1200x800  MATCH
[frame 45906596 t=1011834312ms] screenshot s51_cycle.png (1200x800) -> ok
[frame 45906596 t=1011834312ms] mark cycle 52
[frame 45906596 t=1011834312ms] center 64 28
[frame 45906596 t=1011834312ms] waitms 15000
[frame 46211773 t=1011849312ms] zoomout -> changed, tile_raster_width now 96
[frame 46211773 t=1011849328ms] waitms 8000
[frame 46352970 t=1011857328ms] zoomin -> changed, tile_raster_width now 128
[frame 46352970 t=1011857328ms] waitms 8000
[frame 46463521 t=1011865328ms] daynight_level 3
[frame 46463521 t=1011865328ms] waitms 8000
[frame 46586803 t=1011873328ms] daynight_level 0
[frame 46586803 t=1011873328ms] waitms 4000
[frame 46674486 t=1011877390ms] screenshot s52_cycle.png (1200x800) -> ok
[frame 46674486 t=1011877390ms] mark stability end
[frame 46674486 t=1011877390ms] clip lane0 x 0..1200 y 0..800  screen 1200x800  MATCH
[frame 46674486 t=1011877390ms] MEM end working-set 990.4 MB  peak 997.9 MB  commit 972.5 MB
[frame 46674486 t=1011877468ms] screenshot s99_end.png (1200x800) -> ok
[frame 46674486 t=1011877468ms] quit (harness-initiated: env_t::quit_simutrans = true, presents so far 57257)
